2026-05-18 16:23:04,864 - INFO - PROMPT: 
For the project `SampleProject`:

Codebase Context:
--- File Index 0: main.py ---
"""Main entry point for sample app."""

def greet(name: str) -> str:
    """Return a greeting message."""
    return f"Hello, {name}!"

def add(a: int, b: int) -> int:
    """Add two numbers."""
    return a + b

if __name__ == "__main__":
    print(greet("World"))


--- File Index 1: README.md ---
# Sample Project
A simple test project for wikigen testing.

## Features
- Greeting function
- Basic math operations


--- File Index 2: utils.py ---
"""Utility functions."""

def format_output(data: dict) -> str:
    """Format dictionary data as a readable string."""
    return "\n".join(f"{k}: {v}" for k, v in data.items())




Analyze the codebase context.
Identify the top 5 to 10 core most important abstractions for technical documentation that helps existing and new engineers understand the codebase.

For each abstraction, provide:
1. A concise `name`.
2. A technical `description` explaining what it does, its responsibilities, and role in the system, in around 100 words.
3. A list of relevant `file_indices` (integers) using the format `idx # path/comment`.

List of file indices and paths present in the context:
- 0 # main.py
- 1 # README.md
- 2 # utils.py

Format the output as a YAML list of dictionaries:

```yaml
- name: |
    Query Processing
  description: |
    Handles incoming queries and routes them to appropriate handlers.
    Responsible for parsing, validation, and initial processing of user requests.
  file_indices:
    - 0 # path/to/file1.py
    - 3 # path/to/related.py
- name: |
    Query Optimization
  description: |
    Optimizes query execution by analyzing patterns and caching results.
    Manages performance improvements and resource allocation for query processing.
  file_indices:
    - 5 # path/to/another.js
# ... up to 10 abstractions
```
2026-05-18 16:23:24,864 - INFO - PROMPT: 
For the project `SampleProject`:

Codebase Context:
--- File Index 0: main.py ---
"""Main entry point for sample app."""

def greet(name: str) -> str:
    """Return a greeting message."""
    return f"Hello, {name}!"

def add(a: int, b: int) -> int:
    """Add two numbers."""
    return a + b

if __name__ == "__main__":
    print(greet("World"))


--- File Index 1: README.md ---
# Sample Project
A simple test project for wikigen testing.

## Features
- Greeting function
- Basic math operations


--- File Index 2: utils.py ---
"""Utility functions."""

def format_output(data: dict) -> str:
    """Format dictionary data as a readable string."""
    return "\n".join(f"{k}: {v}" for k, v in data.items())




Analyze the codebase context.
Identify the top 5 to 10 core most important abstractions for technical documentation that helps existing and new engineers understand the codebase.

For each abstraction, provide:
1. A concise `name`.
2. A technical `description` explaining what it does, its responsibilities, and role in the system, in around 100 words.
3. A list of relevant `file_indices` (integers) using the format `idx # path/comment`.

List of file indices and paths present in the context:
- 0 # main.py
- 1 # README.md
- 2 # utils.py

Format the output as a YAML list of dictionaries:

```yaml
- name: |
    Query Processing
  description: |
    Handles incoming queries and routes them to appropriate handlers.
    Responsible for parsing, validation, and initial processing of user requests.
  file_indices:
    - 0 # path/to/file1.py
    - 3 # path/to/related.py
- name: |
    Query Optimization
  description: |
    Optimizes query execution by analyzing patterns and caching results.
    Manages performance improvements and resource allocation for query processing.
  file_indices:
    - 5 # path/to/another.js
# ... up to 10 abstractions
```
